// Vitest Snapshot v1, https://vitest.dev/guide/snapshot.html

exports[`should sync linked lists to the client. > create 1`] = `
[
  [
    {
      "created_at": 2026-01-04T13:21:17.536Z,
      "id": "64b6c8c1-6b31-5646-8845-59e8e8045164",
      "title": "a",
      "updated_at": null,
    },
    {
      "created_at": 2026-01-04T15:52:32.536Z,
      "id": "d9bb54f8-51b5-54aa-9637-fecd8e0d3cc2",
      "title": "b",
      "updated_at": null,
    },
  ],
]
`;

exports[`should sync linked lists to the client. > create 2`] = `
[
  [
  ],
]
`;

exports[`should sync linked lists to the client. > remove 1`] = `
[
  [
    1,
    2,
  ],
]
`;

exports[`should sync linked lists to the client. > remove 2`] = `
[
  [
  ],
]
`;
